Archive member included because of file (symbol)

c:/eclipsearm/sourcery-g++-lite-arm-2011.03/bin/../lib/gcc/arm-none-eabi/4.5.2/../../../../arm-none-eabi/lib\libc.a(lib_a-abs.o)
                              ./T1-EJ6.o (abs)

Memory Configuration

Name             Origin             Length             Attributes
*default*        0x00000000         0xffffffff

Linker script and memory map

LOAD ./T1-EJ6.o
START GROUP
LOAD c:/eclipsearm/sourcery-g++-lite-arm-2011.03/bin/../lib/gcc/arm-none-eabi/4.5.2\libgcc.a
LOAD c:/eclipsearm/sourcery-g++-lite-arm-2011.03/bin/../lib/gcc/arm-none-eabi/4.5.2/../../../../arm-none-eabi/lib\libc.a
END GROUP
                0x0c000000                . = 0xc000000

.data           0x0c000000       0x50
 *(.data)
 .data          0x0c000000       0x50 ./T1-EJ6.o
 .data          0x0c000050        0x0 c:/eclipsearm/sourcery-g++-lite-arm-2011.03/bin/../lib/gcc/arm-none-eabi/4.5.2/../../../../arm-none-eabi/lib\libc.a(lib_a-abs.o)
 *(.rodata)

.bss            0x0c000050      0x100
 *(.bss)
 .bss           0x0c000050      0x100 ./T1-EJ6.o
 .bss           0x0c000150        0x0 c:/eclipsearm/sourcery-g++-lite-arm-2011.03/bin/../lib/gcc/arm-none-eabi/4.5.2/../../../../arm-none-eabi/lib\libc.a(lib_a-abs.o)

.text           0x0c000150       0xa8
 *(.text)
 .text          0x0c000150       0x9c ./T1-EJ6.o
                0x0c0001a0                start
 .text          0x0c0001ec        0xc c:/eclipsearm/sourcery-g++-lite-arm-2011.03/bin/../lib/gcc/arm-none-eabi/4.5.2/../../../../arm-none-eabi/lib\libc.a(lib_a-abs.o)
                0x0c0001ec                abs
                0x0c0001f8                PROVIDE (end, .)
                0x0c700800                PROVIDE (_stack, 0xc700800)
OUTPUT(T1-EJ6.elf elf32-littlearm)

.glue_7         0x0c0001f8        0x0
 .glue_7        0x00000000        0x0 linker stubs

.glue_7t        0x0c0001f8        0x0
 .glue_7t       0x00000000        0x0 linker stubs

.vfp11_veneer   0x0c0001f8        0x0
 .vfp11_veneer  0x00000000        0x0 linker stubs

.v4_bx          0x0c0001f8        0x0
 .v4_bx         0x00000000        0x0 linker stubs

.ARM.attributes
                0x00000000       0x2e
 .ARM.attributes
                0x00000000       0x22 ./T1-EJ6.o
 .ARM.attributes
                0x00000022       0x34 c:/eclipsearm/sourcery-g++-lite-arm-2011.03/bin/../lib/gcc/arm-none-eabi/4.5.2/../../../../arm-none-eabi/lib\libc.a(lib_a-abs.o)

.debug_line     0x00000000       0x60
 .debug_line    0x00000000       0x60 ./T1-EJ6.o

.debug_info     0x00000000       0x55
 .debug_info    0x00000000       0x55 ./T1-EJ6.o

.debug_abbrev   0x00000000       0x14
 .debug_abbrev  0x00000000       0x14 ./T1-EJ6.o

.debug_aranges  0x00000000       0x20
 .debug_aranges
                0x00000000       0x20 ./T1-EJ6.o

.debug_frame    0x00000000       0x20
 .debug_frame   0x00000000       0x20 c:/eclipsearm/sourcery-g++-lite-arm-2011.03/bin/../lib/gcc/arm-none-eabi/4.5.2/../../../../arm-none-eabi/lib\libc.a(lib_a-abs.o)
