   1              	# 1 "../T1-EJ5.asm"
   1              	// EJERCICIO 3
   0              	
   0              	
   0              	
   2              	
   3              	.extern computo_media
   4              	.global start
   5              	.EQU N,6
   6              	.data
   7              	
   8              	@DA IGUAL EL ARRAY QUE METAMOS: SABEMOS QUE MAXIMO TENDRA 160B:
   9              	@ 10 structs de 16 bytes (2 num, 2*6 nota, 2 media)
  10              	
  11 0000 01000000 	A : .word 1,2,3,4,5,6,7,8,9,10,11,12,13,14,15,16,17,18,19,20,21,22,23,24,25
  11      02000000 
  11      03000000 
  11      04000000 
  11      05000000 
  12              	.text
  13              	
  14              	start:
  15              	
  16 0000 2C409FE5 			LDR R4, =A
  17 0004 0050A0E3 			MOV R5, #0			@ r5 <- i
  18 0008 0060A0E3 			MOV R6, #0			@ r6 <- direccion a leer
  19              	
  20              		b1:
  21 000c 0A0055E3 			CMP R5, #10			@ leo 10 datos
  22              	
  23 0010 061094E7 			LDR R1, [R4, R6]	@ r1 <- datos[i].num
  24 0014 026086E2 			ADD R6, R6, #2		@ he leido CHAR(2B)
  25              	
  26 0018 060094E7 			LDR R0, [R4, R6]	@ r0 <- datos[i].nota[0]
  27              	
  28 001c FEFFFFEB 			BL computo_media
  29              			@ r0 <- media
  30              	
  31 0020 0E6086E2 			ADD R6, R6, #14		@ he leido NNOTAS (14B)
  32              	
  33 0024 060084E7 			STR R0, [R4, R6]	@ r0 -> datos[i].media
  34              	
  35 0028 015085E2 			ADD R5, R5, #1	@ ++i
  36 002c F6FFFFEA 			B b1
  37              	
  38              		b1_end:
  39              	
  40              	
  41 0030 FEFFFFEA 			B .
  42 0034 00000000 			.end
DEFINED SYMBOLS
       ../T1-EJ5.asm:14     .text:00000000 start
       ../T1-EJ5.asm:5      *ABS*:00000006 N
       ../T1-EJ5.asm:11     .data:00000000 A
       ../T1-EJ5.asm:16     .text:00000000 $a
       ../T1-EJ5.asm:20     .text:0000000c b1
       ../T1-EJ5.asm:38     .text:00000030 b1_end
       ../T1-EJ5.asm:42     .text:00000034 $d
                   .debug_aranges:0000000c $d

UNDEFINED SYMBOLS
computo_media
